warning: in the working copy of 'optomind_research/runtime/upgrade3/outline_strengthening.py', LF will be replaced by CRLF the next time Git touches it
warning: in the working copy of 'scripts/upgrade3/outline_strengthening.py', LF will be replaced by CRLF the next time Git touches it
warning: in the working copy of 'tests/upgrade3/test_outline_strengthening.py', LF will be replaced by CRLF the next time Git touches it
warning: in the working copy of 'optomind_research/runtime/upgrade3/outline_strengthening.py', LF will be replaced by CRLF the next time Git touches it
warning: in the working copy of 'scripts/upgrade3/outline_strengthening.py', LF will be replaced by CRLF the next time Git touches it
warning: in the working copy of 'tests/upgrade3/test_outline_strengthening.py', LF will be replaced by CRLF the next time Git touches it
warning: in the working copy of 'optomind_research/runtime/upgrade3/outline_strengthening.py', LF will be replaced by CRLF the next time Git touches it
warning: in the working copy of 'scripts/upgrade3/outline_strengthening.py', LF will be replaced by CRLF the next time Git touches it
warning: in the working copy of 'tests/upgrade3/test_outline_strengthening.py', LF will be replaced by CRLF the next time Git touches it
Traceback (most recent call last):
  File "F:\OptoMind-Review-2\outputs\outline_selection_20261006\run_selection_group.py", line 324, in <module>
    main()
  File "F:\OptoMind-Review-2\outputs\outline_selection_20261006\run_selection_group.py", line 320, in main
    run(args.group_id, out)
  File "F:\OptoMind-Review-2\outputs\outline_selection_20261006\run_selection_group.py", line 288, in run
    result = on_demand.run_on_demand_strengthening(
             ^^^^^^^^^^^^^^^^^^^^^^^^^^^^^^^^^^^^^^
  File "F:\OptoMind-branch-backups\20261005-final-consolidation-204632\source\optomind_research\runtime\upgrade3\outline_on_demand.py", line 787, in run_on_demand_strengthening
    raw_access = runtime.invoke_client(
                 ^^^^^^^^^^^^^^^^^^^^^^
  File "F:\OptoMind-branch-backups\20261005-final-consolidation-204632\source\optomind_research\runtime\upgrade3\module4\runtime.py", line 721, in invoke_client
    result = client.complete(messages, **kwargs)
             ^^^^^^^^^^^^^^^^^^^^^^^^^^^^^^^^^^^
  File "F:\OptoMind-Review-2\outputs\outline_selection_20261006\run_selection_group.py", line 109, in complete
    result = self.inner.complete(messages, **kwargs)
             ^^^^^^^^^^^^^^^^^^^
AttributeError: 'QwenDirectClient' object has no attribute 'complete'
