{"status": "waiting_for_root_quality_review", "stage": "level2_tools", "pid": 33200, "stage_result": "F:\\OptoMind-Review-2\\outputs\\body_full_staged_acceptance_20261004_40cny\\planning\\stages\\level2_tools.json", "decision_path": "F:\\OptoMind-Review-2\\outputs\\body_full_staged_acceptance_20261004_40cny\\quality_gates\\08_level2_tools_pid33200.decision.json", "no_model_call_while_waiting": true}
{"status": "waiting_for_root_quality_review", "stage": "chapter_need_analysis", "pid": 33200, "stage_result": "F:\\OptoMind-Review-2\\outputs\\body_full_staged_acceptance_20261004_40cny\\planning\\stages\\chapter_need_analysis.json", "decision_path": "F:\\OptoMind-Review-2\\outputs\\body_full_staged_acceptance_20261004_40cny\\quality_gates\\09_chapter_need_analysis_pid33200.decision.json", "no_model_call_while_waiting": true}
{"status": "waiting_for_root_quality_review", "stage": "chapters_tools", "pid": 33200, "stage_result": "F:\\OptoMind-Review-2\\outputs\\body_full_staged_acceptance_20261004_40cny\\planning\\stages\\chapters_tools.json", "decision_path": "F:\\OptoMind-Review-2\\outputs\\body_full_staged_acceptance_20261004_40cny\\quality_gates\\10_chapters_tools_pid33200.decision.json", "no_model_call_while_waiting": true}
{"status": "waiting_for_root_quality_review", "stage": "chapter_details", "pid": 33200, "stage_result": "F:\\OptoMind-Review-2\\outputs\\body_full_staged_acceptance_20261004_40cny\\planning\\quality_checkpoints\\chapter_details.json", "decision_path": "F:\\OptoMind-Review-2\\outputs\\body_full_staged_acceptance_20261004_40cny\\quality_gates\\11_chapter_details_pid33200.decision.json", "no_model_call_while_waiting": true}
{"status": "waiting_for_root_quality_review", "stage": "whole_plan_improvement", "pid": 33200, "stage_result": "F:\\OptoMind-Review-2\\outputs\\body_full_staged_acceptance_20261004_40cny\\planning\\stages\\whole_plan_improvement.json", "decision_path": "F:\\OptoMind-Review-2\\outputs\\body_full_staged_acceptance_20261004_40cny\\quality_gates\\12_whole_plan_improvement_pid33200.decision.json", "no_model_call_while_waiting": true}
{"status": "waiting_for_root_quality_review", "stage": "owner_revision", "pid": 33200, "stage_result": "F:\\OptoMind-Review-2\\outputs\\body_full_staged_acceptance_20261004_40cny\\planning\\quality_checkpoints\\owner_revision.json", "decision_path": "F:\\OptoMind-Review-2\\outputs\\body_full_staged_acceptance_20261004_40cny\\quality_gates\\13_owner_revision_pid33200.decision.json", "no_model_call_while_waiting": true}
{"status": "waiting_for_root_quality_review", "stage": "case_groups", "pid": 33200, "stage_result": "F:\\OptoMind-Review-2\\outputs\\body_full_staged_acceptance_20261004_40cny\\planning\\stages\\case_groups.json", "decision_path": "F:\\OptoMind-Review-2\\outputs\\body_full_staged_acceptance_20261004_40cny\\quality_gates\\14_case_groups_pid33200.decision.json", "no_model_call_while_waiting": true}
{
  "status": "partial",
  "completed_through": "complete",
  "output_dir": "F:\\OptoMind-Review-2\\outputs\\body_full_staged_acceptance_20261004_40cny\\planning",
  "chapter_count": 7,
  "candidate_screening": {
    "pool_rows_read": 605,
    "unique_sources_assigned": 580,
    "reference_count_is_not_a_gate": true
  },
  "deep_read_budget": {
    "configured_unique_paper_limit": 40,
    "unique_papers_consumed": 8,
    "paper_ids": [
      "CorpusId:286786239",
      "071823eff68d7dbea395490dd4643170131b5f6a",
      "d9577b3a29bd8aec60c9e27c6a56a63faf3f4a27",
      "CorpusId:252309032",
      "705d021ac660029794f037498bc1ffea03cbe239",
      "20c143d5373eab0bfea2067cf66b0e260dfeb1ef",
      "d4c18d58cffce0cab6831c84535e02c608d4db49",
      "8b3aa2316f5ec9089bf4d5f6cefbb1c1be74ad79"
    ]
  },
  "budget_before": {
    "limit_cny": 40.0,
    "actual_cny": 5.2599561999999995,
    "held_cny": 0.228144,
    "available_cny": 34.5118998
  },
  "budget_after": {
    "limit_cny": 40.0,
    "actual_cny": 19.5310296,
    "held_cny": 0.228144,
    "available_cny": 20.2408264
  },
  "increment_cny": 14.2710734
}
