usage: continuous_driver.py [-h] [--preflight | --run] --pool POOL --plan PLAN
                            --output-dir OUTPUT_DIR [--topic-id TOPIC_ID]
                            [--key-file KEY_FILE]
                            [--budget-ledger BUDGET_LEDGER]
                            [--budget-limit-cny BUDGET_LIMIT_CNY]
                            [--deep-read-limit DEEP_READ_LIMIT]
                            [--chapter-workers CHAPTER_WORKERS]
                            [--reader-workers READER_WORKERS]
                            [--chapter-model CHAPTER_MODEL]
                            [--timeout-seconds TIMEOUT_SECONDS]
                            [--thinking-budget THINKING_BUDGET]
                            [--output-tokens OUTPUT_TOKENS]
                            [--tokenizer TOKENIZER]
                            [--prior-reading PRIOR_READING]
                            [--local-material-index LOCAL_MATERIAL_INDEX]
                            [--no-external-supplement]
                            [--stop-after {level1,level2}] [--resume]
                            [--editorial-feedback EDITORIAL_FEEDBACK]
                            [--planning-revision]
                            [--recover-chapters-from RECOVER_CHAPTERS_FROM]
                            [--recover-chapter RECOVER_CHAPTER]
continuous_driver.py: error: unrecognized arguments: \planning \budget.sqlite
