{
  "provider_calls": 0,
  "retrieval_calls": 0,
  "network_guard": "socket connections denied",
  "baseline_commit": "4b115e25b900c7832996b4c8213dc657109151d5",
  "baseline_source_loaded": true,
  "source_sha256": "9a746d70598cfc7f027d6172d81d6c38b1e1e494fa1e305e50f2f87299f6b681",
  "source_artifact_hashes": {
    "UNIT_BODY.md": "febedf86c0d96576092f9b8e6247ded8ad85e79f2dbed5cc7be73f8792de30a1",
    "UNIT_RESULT.json": "f74a433342c9d4d001b9246b5dbfcdbab7e422c06b945686a2dac4e243128b91",
    "UNIT_INPUT.json": "08911cb86c2f5357ea16bde2826b770abe4c34a93adf02330f51e16b9b51c8e9",
    "UNIT_MESSAGES.json": "d78e2e3e07647240b854ade6168fc6cfd00d4ee17711998b599cd4a39366ab83"
  },
  "minimal_example": [],
  "archived_report_used": [
    "P0576"
  ],
  "literal_canonical_handles": [
    "P0190",
    "P0388",
    "P0561",
    "P0564",
    "P0576",
    "P0582",
    "P0602"
  ],
  "recomputed_used": [
    "P0576"
  ],
  "recomputed_unused": [
    "P0564",
    "P0602",
    "P0561",
    "P0388",
    "P0190",
    "P0582"
  ],
  "recomputed_unknown": [],
  "saved_body_bytes_unchanged": true,
  "report_body_unchanged": true,
  "downstream_first_appearance_order": [
    "P0564",
    "P0576",
    "P0602",
    "P0561",
    "P0388",
    "P0190",
    "P0582"
  ],
  "downstream_unknown": [],
  "downstream_numbering_preserves_explanatory_brackets": true,
  "downstream_remaining_handles": [],
  "scope": "Bookkeeping-only reconstruction from archived messages/input; no model rerun, no prompt or body edits. Scientific correctness and explanatory placeholders are not repaired."
}
