{
  "status": "partial",
  "completed_through": "complete",
  "output_dir": "F:\\OptoMind-Review-2\\outputs\\lihonggang_full_acceptance_20261001_50cny\\planning_level1",
  "chapter_count": 5,
  "candidate_screening": {
    "pool_rows_read": 603,
    "unique_sources_assigned": 583,
    "reference_count_is_not_a_gate": true
  },
  "deep_read_budget": {
    "configured_unique_paper_limit": 40,
    "unique_papers_consumed": 7,
    "paper_ids": [
      "82ebda249f3476e1948f523a9219bd678f5165c3",
      "CorpusId:252309032",
      "ff5504ec23a09bb1d577854219dadfe3c7772ece",
      "071823eff68d7dbea395490dd4643170131b5f6a",
      "d9577b3a29bd8aec60c9e27c6a56a63faf3f4a27",
      "4a8bc3da652bbd783e7ea5c1dbde908e5124c442",
      "20c143d5373eab0bfea2067cf66b0e260dfeb1ef"
    ]
  },
  "budget_before": {
    "limit_cny": 50.0,
    "actual_cny": 14.4323326,
    "held_cny": 0.0,
    "available_cny": 35.5676674
  },
  "budget_after": {
    "limit_cny": 50.0,
    "actual_cny": 22.0281218,
    "held_cny": 0.0,
    "available_cny": 27.9718782
  },
  "increment_cny": 7.5957892000000005
}
