{
  "status": "partial",
  "completed_through": "level1",
  "output_dir": "F:\\OptoMind-Review-2\\outputs\\lihonggang_full_acceptance_20261001_50cny\\planning_level1",
  "chapter_count": 0,
  "candidate_screening": {},
  "deep_read_budget": null,
  "budget_before": {
    "limit_cny": 50.0,
    "actual_cny": 0.0,
    "held_cny": 0.0,
    "available_cny": 50.0
  },
  "budget_after": {
    "limit_cny": 50.0,
    "actual_cny": 2.7123947999999998,
    "held_cny": 0.0,
    "available_cny": 47.2876052
  },
  "increment_cny": 2.7123947999999998
}
