FFFFFF........FF                                                         [100%]
================================== FAILURES ===================================
_ test_pure_formatted_paper_references_are_counted[Finding `[P0001]`.-expected0] _

body = 'Finding `[P0001]`.', expected = ['P0001']

    @pytest.mark.parametrize('body,expected', [
        ('Finding `[P0001]`.', ['P0001']),
        ('Finding ``[P0001][P0002]``.', ['P0001', 'P0002']),
        ('Finding `[P0001, P0002]` and [P0001].', ['P0001', 'P0002']),
        ('| Study | Result |\n|---|---|\n| `[P0001]` | 8 ms |', ['P0001']),
        ('Finding ` [P0001] `.', ['P0001']),
        ('Finding `[P9999]`.', ['P9999']),
    ])
    def test_pure_formatted_paper_references_are_counted(body, expected):
>       assert w.citations_in(body) == expected
E       AssertionError: assert [] == ['P0001']
E         Right contains one more item: 'P0001'
E         Use -v to get more diff

tests\upgrade3\test_body06_formatted_citations.py:25: AssertionError
_ test_pure_formatted_paper_references_are_counted[Finding ``[P0001][P0002]``.-expected1] _

body = 'Finding ``[P0001][P0002]``.', expected = ['P0001', 'P0002']

    @pytest.mark.parametrize('body,expected', [
        ('Finding `[P0001]`.', ['P0001']),
        ('Finding ``[P0001][P0002]``.', ['P0001', 'P0002']),
        ('Finding `[P0001, P0002]` and [P0001].', ['P0001', 'P0002']),
        ('| Study | Result |\n|---|---|\n| `[P0001]` | 8 ms |', ['P0001']),
        ('Finding ` [P0001] `.', ['P0001']),
        ('Finding `[P9999]`.', ['P9999']),
    ])
    def test_pure_formatted_paper_references_are_counted(body, expected):
>       assert w.citations_in(body) == expected
E       AssertionError: assert [] == ['P0001', 'P0002']
E         Right contains 2 more items, first extra item: 'P0001'
E         Use -v to get more diff

tests\upgrade3\test_body06_formatted_citations.py:25: AssertionError
_ test_pure_formatted_paper_references_are_counted[Finding `[P0001, P0002]` and [P0001].-expected2] _

body = 'Finding `[P0001, P0002]` and [P0001].', expected = ['P0001', 'P0002']

    @pytest.mark.parametrize('body,expected', [
        ('Finding `[P0001]`.', ['P0001']),
        ('Finding ``[P0001][P0002]``.', ['P0001', 'P0002']),
        ('Finding `[P0001, P0002]` and [P0001].', ['P0001', 'P0002']),
        ('| Study | Result |\n|---|---|\n| `[P0001]` | 8 ms |', ['P0001']),
        ('Finding ` [P0001] `.', ['P0001']),
        ('Finding `[P9999]`.', ['P9999']),
    ])
    def test_pure_formatted_paper_references_are_counted(body, expected):
>       assert w.citations_in(body) == expected
E       AssertionError: assert ['P0001'] == ['P0001', 'P0002']
E         Right contains one more item: 'P0002'
E         Use -v to get more diff

tests\upgrade3\test_body06_formatted_citations.py:25: AssertionError
_ test_pure_formatted_paper_references_are_counted[| Study | Result |\n|---|---|\n| `[P0001]` | 8 ms |-expected3] _

body = '| Study | Result |\n|---|---|\n| `[P0001]` | 8 ms |'
expected = ['P0001']

    @pytest.mark.parametrize('body,expected', [
        ('Finding `[P0001]`.', ['P0001']),
        ('Finding ``[P0001][P0002]``.', ['P0001', 'P0002']),
        ('Finding `[P0001, P0002]` and [P0001].', ['P0001', 'P0002']),
        ('| Study | Result |\n|---|---|\n| `[P0001]` | 8 ms |', ['P0001']),
        ('Finding ` [P0001] `.', ['P0001']),
        ('Finding `[P9999]`.', ['P9999']),
    ])
    def test_pure_formatted_paper_references_are_counted(body, expected):
>       assert w.citations_in(body) == expected
E       AssertionError: assert [] == ['P0001']
E         Right contains one more item: 'P0001'
E         Use -v to get more diff

tests\upgrade3\test_body06_formatted_citations.py:25: AssertionError
_ test_pure_formatted_paper_references_are_counted[Finding ` [P0001] `.-expected4] _

body = 'Finding ` [P0001] `.', expected = ['P0001']

    @pytest.mark.parametrize('body,expected', [
        ('Finding `[P0001]`.', ['P0001']),
        ('Finding ``[P0001][P0002]``.', ['P0001', 'P0002']),
        ('Finding `[P0001, P0002]` and [P0001].', ['P0001', 'P0002']),
        ('| Study | Result |\n|---|---|\n| `[P0001]` | 8 ms |', ['P0001']),
        ('Finding ` [P0001] `.', ['P0001']),
        ('Finding `[P9999]`.', ['P9999']),
    ])
    def test_pure_formatted_paper_references_are_counted(body, expected):
>       assert w.citations_in(body) == expected
E       AssertionError: assert [] == ['P0001']
E         Right contains one more item: 'P0001'
E         Use -v to get more diff

tests\upgrade3\test_body06_formatted_citations.py:25: AssertionError
_ test_pure_formatted_paper_references_are_counted[Finding `[P9999]`.-expected5] _

body = 'Finding `[P9999]`.', expected = ['P9999']

    @pytest.mark.parametrize('body,expected', [
        ('Finding `[P0001]`.', ['P0001']),
        ('Finding ``[P0001][P0002]``.', ['P0001', 'P0002']),
        ('Finding `[P0001, P0002]` and [P0001].', ['P0001', 'P0002']),
        ('| Study | Result |\n|---|---|\n| `[P0001]` | 8 ms |', ['P0001']),
        ('Finding ` [P0001] `.', ['P0001']),
        ('Finding `[P9999]`.', ['P9999']),
    ])
    def test_pure_formatted_paper_references_are_counted(body, expected):
>       assert w.citations_in(body) == expected
E       AssertionError: assert [] == ['P9999']
E         Right contains one more item: 'P9999'
E         Use -v to get more diff

tests\upgrade3\test_body06_formatted_citations.py:25: AssertionError
____________ test_ordinary_written_report_keeps_formatted_sources _____________

tmp_path = WindowsPath('C:/Users/Administrator/AppData/Local/Temp/pytest-of-Administrator/pytest-1215/test_ordinary_written_report_k0')

    def test_ordinary_written_report_keeps_formatted_sources(tmp_path):
        body = 'Finding `[P0001]` and `[P9999]`.\n\n' + fixture.TABLE
        result = w.run_unit_writing(fixture.view(), client=fixture.Fake(
            {'body_markdown': body}), model='offline-synthetic')
        report = w.write_unit_output(fixture.view(), result['body_markdown'], tmp_path,
            model='offline-synthetic', language='en', mode='live',
            used_messages=result['messages'], estimate={}, issues=result['issues'])
        assert result['used_source_handles'] == report['used_source_handles']
>       assert 'P0001' in report['used_source_handles']
E       AssertionError: assert 'P0001' in ['P0002']

tests\upgrade3\test_body06_formatted_citations.py:55: AssertionError
___________ test_completion_written_report_keeps_formatted_sources ____________

tmp_path = WindowsPath('C:/Users/Administrator/AppData/Local/Temp/pytest-of-Administrator/pytest-1215/test_completion_written_report0')

    def test_completion_written_report_keeps_formatted_sources(tmp_path):
        body = 'New finding `[P0002]` and `[P9999]`.\n\n' + fixture.TABLE
        result = w.run_unit_completion(fixture.view(), existing_body=fixture.PREFIX,
            task_ids=['T1'], client=fixture.Fake({'body_markdown': body,
                'status': 'appended', 'complete': True}), model='offline-synthetic')
        report = w.write_unit_completion(fixture.view(), result, tmp_path,
            estimate={}, language='en')
        assert not result['pending']
        assert result['used_source_handles'] == report['used_source_handles']
>       assert report['unknown_citations'] == ['P9999']
E       AssertionError: assert [] == ['P9999']
E         Right contains one more item: 'P9999'
E         Use -v to get more diff

tests\upgrade3\test_body06_formatted_citations.py:69: AssertionError
=========================== short test summary info ===========================
FAILED tests/upgrade3/test_body06_formatted_citations.py::test_pure_formatted_paper_references_are_counted[Finding `[P0001]`.-expected0]
FAILED tests/upgrade3/test_body06_formatted_citations.py::test_pure_formatted_paper_references_are_counted[Finding ``[P0001][P0002]``.-expected1]
FAILED tests/upgrade3/test_body06_formatted_citations.py::test_pure_formatted_paper_references_are_counted[Finding `[P0001, P0002]` and [P0001].-expected2]
FAILED tests/upgrade3/test_body06_formatted_citations.py::test_pure_formatted_paper_references_are_counted[| Study | Result |\n|---|---|\n| `[P0001]` | 8 ms |-expected3]
FAILED tests/upgrade3/test_body06_formatted_citations.py::test_pure_formatted_paper_references_are_counted[Finding ` [P0001] `.-expected4]
FAILED tests/upgrade3/test_body06_formatted_citations.py::test_pure_formatted_paper_references_are_counted[Finding `[P9999]`.-expected5]
FAILED tests/upgrade3/test_body06_formatted_citations.py::test_ordinary_written_report_keeps_formatted_sources
FAILED tests/upgrade3/test_body06_formatted_citations.py::test_completion_written_report_keeps_formatted_sources
8 failed, 8 passed in 0.87s
