{
  "status": "partial",
  "output_dir": "F:\\OptoMind-Review-2\\outputs\\lihonggang_full_acceptance_20261001_50cny\\case_chain_restore_20261002",
  "allowed_stage_calls": [
    "whole_plan_improvement",
    "affected_chapter_revision",
    "affected_chapter_revision",
    "affected_chapter_revision",
    "case_groups",
    "case_groups",
    "case_groups",
    "case_groups",
    "case_groups",
    "case_groups",
    "case_groups",
    "case_groups",
    "case_groups",
    "case_groups",
    "case_groups",
    "case_groups",
    "case_groups",
    "case_groups",
    "case_groups",
    "case_groups",
    "case_groups"
  ],
  "budget_before": {
    "limit_cny": 50.0,
    "settled_cny": 23.1512026,
    "reserved_cny": 0.0,
    "uncertain_cny": 0.0,
    "available_after_holds_cny": 26.8487974
  },
  "budget_after": {
    "limit_cny": 50.0,
    "settled_cny": 26.1579102,
    "reserved_cny": 0.0,
    "uncertain_cny": 0.0,
    "available_after_holds_cny": 23.8420898
  },
  "increment_cny": 3.0067075999999986,
  "detailed_plan": "F:\\OptoMind-Review-2\\outputs\\lihonggang_full_acceptance_20261001_50cny\\case_chain_restore_20261002\\DETAILED_REVIEW_PLAN.json",
  "writer_packets": "F:\\OptoMind-Review-2\\outputs\\lihonggang_full_acceptance_20261001_50cny\\case_chain_restore_20261002\\writer_packets"
}
